{
  "annotations": {
    "title": "Add comment to issue"
  },
  "description": "Add a comment to a specific issue in a GitHub repository. Use this tool to add comments to pull requests as well (in this case pass pull request number as issue_number), but only if user is not asking specifically to add review comments.",
  "inputSchema": {
    "properties": {
      "body": {
        "description": "Comment content",
        "type": "string"
      },
      "issue_number": {
        "description": "Issue number to comment on",
        "type": "number"
      },
      "owner": {
        "description": "Repository owner",
        "type": "string"
      },
      "repo": {
        "description": "Repository name",
        "type": "string"
      }
    },
    "required": [
      "owner",
      "repo",
      "issue_number",
      "body"
    ],
    "type": "object"
  },
  "name": "add_issue_comment",
  "outputSchema": {
    "properties": {
      "author_association": {
        "type": "string"
      },
      "body": {
        "type": "string"
      },
      "created_at": {
        "type": "string"
      },
      "html_url": {
        "type": "string"
      },
      "id": {
        "type": "integer"
      },
      "issue_url": {
        "type": "string"
      },
      "node_id": {
        "type": "string"
      },
      "reactions": {
        "type": "object"
      },
      "updated_at": {
        "type": "string"
      },
      "url": {
        "type": "string"
      },
      "user": {
        "properties": {
          "assignment": {
            "type": "string"
          },
          "avatar_url": {
            "type": "string"
          },
          "bio": {
            "type": "string"
          },
          "blog": {
            "type": "string"
          },
          "collaborators": {
            "type": "integer"
          },
          "company": {
            "type": "string"
          },
          "created_at": {
            "type": "string"
          },
          "disk_usage": {
            "type": "integer"
          },
          "email": {
            "type": "string"
          },
          "events_url": {
            "type": "string"
          },
          "followers": {
            "type": "integer"
          },
          "followers_url": {
            "type": "string"
          },
          "following": {
            "type": "integer"
          },
          "following_url": {
            "type": "string"
          },
          "gists_url": {
            "type": "string"
          },
          "gravatar_id": {
            "type": "string"
          },
          "hireable": {
            "type": "boolean"
          },
          "html_url": {
            "type": "string"
          },
          "id": {
            "type": "integer"
          },
          "inherited_from": {
            "items": {
              "type": "object"
            },
            "type": "array"
          },
          "ldap_dn": {
            "type": "string"
          },
          "location": {
            "type": "string"
          },
          "login": {
            "type": "string"
          },
          "name": {
            "type": "string"
          },
          "node_id": {
            "type": "string"
          },
          "organizations_url": {
            "type": "string"
          },
          "owned_private_repos": {
            "type": "integer"
          },
          "permissions": {
            "type": "object"
          },
          "plan": {
            "type": "object"
          },
          "private_gists": {
            "type": "integer"
          },
          "public_gists": {
            "type": "integer"
          },
          "public_repos": {
            "type": "integer"
          },
          "received_events_url": {
            "type": "string"
          },
          "repos_url": {
            "type": "string"
          },
          "role_name": {
            "type": "string"
          },
          "site_admin": {
            "type": "boolean"
          },
          "starred_url": {
            "type": "string"
          },
          "subscriptions_url": {
            "type": "string"
          },
          "suspended_at": {
            "type": "string"
          },
          "text_matches": {
            "items": {
              "type": "object"
            },
            "type": "array"
          },
          "total_private_repos": {
            "type": "integer"
          },
          "twitter_username": {
            "type": "string"
          },
          "two_factor_authentication": {
            "type": "boolean"
          },
          "type": {
            "type": "string"
          },
          "updated_at": {
            "type": "string"
          },
          "url": {
            "type": "string"
          }
        },
        "type": "object"
      }
    },
    "type": "object"
  }
}