{
  "annotations": {
    "readOnlyHint": true,
    "title": "Get a global security advisory"
  },
  "description": "Get a global security advisory",
  "inputSchema": {
    "properties": {
      "ghsaId": {
        "description": "GitHub Security Advisory ID (format: GHSA-xxxx-xxxx-xxxx).",
        "type": "string"
      }
    },
    "required": [
      "ghsaId"
    ],
    "type": "object"
  },
  "name": "get_global_security_advisory",
  "outputSchema": {
    "properties": {
      "cve_id": {
        "type": "string"
      },
      "description": {
        "type": "string"
      },
      "ghsa_id": {
        "type": "string"
      },
      "html_url": {
        "type": "string"
      },
      "severity": {
        "type": "string"
      },
      "summary": {
        "type": "string"
      },
      "type": {
        "type": "string"
      }
    },
    "type": "object"
  }
}