{
  "annotations": {
    "readOnlyHint": true,
    "title": "Get dependabot alert"
  },
  "description": "Get details of a specific dependabot alert in a GitHub repository.",
  "inputSchema": {
    "properties": {
      "alertNumber": {
        "description": "The number of the alert.",
        "type": "number"
      },
      "owner": {
        "description": "The owner of the repository.",
        "type": "string"
      },
      "repo": {
        "description": "The name of the repository.",
        "type": "string"
      }
    },
    "required": [
      "owner",
      "repo",
      "alertNumber"
    ],
    "type": "object"
  },
  "name": "get_dependabot_alert",
  "outputSchema": {
    "properties": {
      "auto_dismissed_at": {
        "type": "string"
      },
      "created_at": {
        "type": "string"
      },
      "dependency": {
        "properties": {
          "manifest_path": {
            "type": "string"
          },
          "package": {
            "properties": {
              "ecosystem": {
                "type": "string"
              },
              "name": {
                "type": "string"
              }
            },
            "type": "object"
          },
          "scope": {
            "type": "string"
          }
        },
        "type": "object"
      },
      "dismissed_at": {
        "type": "string"
      },
      "dismissed_by": {
        "properties": {
          "assignment": {
            "type": "string"
          },
          "avatar_url": {
            "type": "string"
          },
          "bio": {
            "type": "string"
          },
          "blog": {
            "type": "string"
          },
          "collaborators": {
            "type": "integer"
          },
          "company": {
            "type": "string"
          },
          "created_at": {
            "type": "string"
          },
          "disk_usage": {
            "type": "integer"
          },
          "email": {
            "type": "string"
          },
          "events_url": {
            "type": "string"
          },
          "followers": {
            "type": "integer"
          },
          "followers_url": {
            "type": "string"
          },
          "following": {
            "type": "integer"
          },
          "following_url": {
            "type": "string"
          },
          "gists_url": {
            "type": "string"
          },
          "gravatar_id": {
            "type": "string"
          },
          "hireable": {
            "type": "boolean"
          },
          "html_url": {
            "type": "string"
          },
          "id": {
            "type": "integer"
          },
          "inherited_from": {
            "items": {
              "type": "object"
            },
            "type": "array"
          },
          "ldap_dn": {
            "type": "string"
          },
          "location": {
            "type": "string"
          },
          "login": {
            "type": "string"
          },
          "name": {
            "type": "string"
          },
          "node_id": {
            "type": "string"
          },
          "organizations_url": {
            "type": "string"
          },
          "owned_private_repos": {
            "type": "integer"
          },
          "permissions": {
            "type": "object"
          },
          "plan": {
            "type": "object"
          },
          "private_gists": {
            "type": "integer"
          },
          "public_gists": {
            "type": "integer"
          },
          "public_repos": {
            "type": "integer"
          },
          "received_events_url": {
            "type": "string"
          },
          "repos_url": {
            "type": "string"
          },
          "role_name": {
            "type": "string"
          },
          "site_admin": {
            "type": "boolean"
          },
          "starred_url": {
            "type": "string"
          },
          "subscriptions_url": {
            "type": "string"
          },
          "suspended_at": {
            "type": "string"
          },
          "text_matches": {
            "items": {
              "type": "object"
            },
            "type": "array"
          },
          "total_private_repos": {
            "type": "integer"
          },
          "twitter_username": {
            "type": "string"
          },
          "two_factor_authentication": {
            "type": "boolean"
          },
          "type": {
            "type": "string"
          },
          "updated_at": {
            "type": "string"
          },
          "url": {
            "type": "string"
          }
        },
        "type": "object"
      },
      "dismissed_comment": {
        "type": "string"
      },
      "dismissed_reason": {
        "type": "string"
      },
      "fixed_at": {
        "type": "string"
      },
      "html_url": {
        "type": "string"
      },
      "number": {
        "type": "integer"
      },
      "repository": {
        "type": "object"
      },
      "security_advisory": {
        "properties": {
          "cve_id": {
            "type": "string"
          },
          "cvss": {
            "properties": {
              "score": {
                "type": "number"
              },
              "vector_string": {
                "type": "string"
              }
            },
            "type": "object"
          },
          "cwes": {
            "items": {
              "properties": {
                "cwe_id": {
                  "type": "string"
                },
                "name": {
                  "type": "string"
                }
              },
              "type": "object"
            },
            "type": "array"
          },
          "description": {
            "type": "string"
          },
          "epss": {
            "properties": {
              "percentage": {
                "type": "number"
              },
              "percentile": {
                "type": "number"
              }
            },
            "type": "object"
          },
          "ghsa_id": {
            "type": "string"
          },
          "identifiers": {
            "items": {
              "type": "object"
            },
            "type": "array"
          },
          "published_at": {
            "type": "string"
          },
          "references": {
            "items": {
              "type": "object"
            },
            "type": "array"
          },
          "severity": {
            "type": "string"
          },
          "summary": {
            "type": "string"
          },
          "updated_at": {
            "type": "string"
          },
          "vulnerabilities": {
            "items": {
              "properties": {
                "first_patched_version": {
                  "type": "object"
                },
                "package": {
                  "properties": {
                    "ecosystem": {
                      "type": "string"
                    },
                    "name": {
                      "type": "string"
                    }
                  },
                  "type": "object"
                },
                "patched_versions": {
                  "type": "string"
                },
                "severity": {
                  "type": "string"
                },
                "vulnerable_functions": {
                  "items": {
                    "type": "string"
                  },
                  "type": "array"
                },
                "vulnerable_version_range": {
                  "type": "string"
                }
              },
              "type": "object"
            },
            "type": "array"
          },
          "withdrawn_at": {
            "type": "string"
          }
        },
        "type": "object"
      },
      "security_vulnerability": {
        "properties": {
          "first_patched_version": {
            "type": "object"
          },
          "package": {
            "properties": {
              "ecosystem": {
                "type": "string"
              },
              "name": {
                "type": "string"
              }
            },
            "type": "object"
          },
          "patched_versions": {
            "type": "string"
          },
          "severity": {
            "type": "string"
          },
          "vulnerable_functions": {
            "items": {
              "type": "string"
            },
            "type": "array"
          },
          "vulnerable_version_range": {
            "type": "string"
          }
        },
        "type": "object"
      },
      "state": {
        "type": "string"
      },
      "updated_at": {
        "type": "string"
      },
      "url": {
        "type": "string"
      }
    },
    "type": "object"
  }
}