{
  "annotations": {
    "readOnlyHint": true,
    "title": "Get commit details"
  },
  "description": "Get details for a commit from a GitHub repository",
  "inputSchema": {
    "properties": {
      "include_diff": {
        "default": true,
        "description": "Whether to include file diffs and stats in the response. Default is true.",
        "type": "boolean"
      },
      "owner": {
        "description": "Repository owner",
        "type": "string"
      },
      "page": {
        "description": "Page number for pagination (min 1)",
        "minimum": 1,
        "type": "number"
      },
      "perPage": {
        "description": "Results per page for pagination (min 1, max 100)",
        "maximum": 100,
        "minimum": 1,
        "type": "number"
      },
      "repo": {
        "description": "Repository name",
        "type": "string"
      },
      "sha": {
        "description": "Commit SHA, branch name, or tag name",
        "type": "string"
      }
    },
    "required": [
      "owner",
      "repo",
      "sha"
    ],
    "type": "object"
  },
  "name": "get_commit",
  "outputSchema": {
    "properties": {
      "author": {
        "properties": {
          "avatar_url": {
            "type": "string"
          },
          "details": {
            "type": "object"
          },
          "id": {
            "type": "integer"
          },
          "login": {
            "type": "string"
          },
          "profile_url": {
            "type": "string"
          }
        },
        "type": "object"
      },
      "commit": {
        "properties": {
          "author": {
            "properties": {
              "date": {
                "type": "string"
              },
              "email": {
                "type": "string"
              },
              "name": {
                "type": "string"
              },
              "username": {
                "type": "string"
              }
            },
            "type": "object"
          },
          "committer": {
            "properties": {
              "date": {
                "type": "string"
              },
              "email": {
                "type": "string"
              },
              "name": {
                "type": "string"
              },
              "username": {
                "type": "string"
              }
            },
            "type": "object"
          },
          "message": {
            "type": "string"
          }
        },
        "type": "object"
      },
      "committer": {
        "properties": {
          "avatar_url": {
            "type": "string"
          },
          "details": {
            "type": "object"
          },
          "id": {
            "type": "integer"
          },
          "login": {
            "type": "string"
          },
          "profile_url": {
            "type": "string"
          }
        },
        "type": "object"
      },
      "files": {
        "items": {
          "properties": {
            "additions": {
              "type": "integer"
            },
            "blob_url": {
              "type": "string"
            },
            "changes": {
              "type": "integer"
            },
            "contents_url": {
              "type": "string"
            },
            "deletions": {
              "type": "integer"
            },
            "filename": {
              "type": "string"
            },
            "patch": {
              "type": "string"
            },
            "previous_filename": {
              "type": "string"
            },
            "raw_url": {
              "type": "string"
            },
            "sha": {
              "type": "string"
            },
            "status": {
              "type": "string"
            }
          },
          "type": "object"
        },
        "type": "array"
      },
      "html_url": {
        "type": "string"
      },
      "sha": {
        "type": "string"
      },
      "stats": {
        "properties": {
          "additions": {
            "type": "integer"
          },
          "deletions": {
            "type": "integer"
          },
          "total": {
            "type": "integer"
          }
        },
        "type": "object"
      }
    },
    "type": "object"
  }
}