{
  "annotations": {
    "readOnlyHint": true,
    "title": "Get latest release"
  },
  "description": "Get the latest release in a GitHub repository",
  "inputSchema": {
    "properties": {
      "owner": {
        "description": "Repository owner",
        "type": "string"
      },
      "repo": {
        "description": "Repository name",
        "type": "string"
      }
    },
    "required": [
      "owner",
      "repo"
    ],
    "type": "object"
  },
  "name": "get_latest_release",
  "outputSchema": {
    "properties": {
      "author": {
        "properties": {
          "avatar_url": {
            "type": "string"
          },
          "html_url": {
            "type": "string"
          },
          "id": {
            "type": "integer"
          },
          "login": {
            "type": "string"
          }
        },
        "type": "object"
      },
      "body": {
        "type": "string"
      },
      "draft": {
        "type": "boolean"
      },
      "html_url": {
        "type": "string"
      },
      "id": {
        "type": "integer"
      },
      "name": {
        "type": "string"
      },
      "prerelease": {
        "type": "boolean"
      },
      "published_at": {
        "type": "string"
      },
      "tag_name": {
        "type": "string"
      }
    },
    "type": "object"
  }
}