{
  "annotations": {
    "readOnlyHint": true,
    "title": "Get issue details"
  },
  "description": "Get information about a specific issue in a GitHub repository.",
  "inputSchema": {
    "properties": {
      "issue_number": {
        "description": "The number of the issue",
        "type": "number"
      },
      "method": {
        "description": "The read operation to perform on a single issue.\nOptions are:\n1. get - Get details of a specific issue.\n2. get_comments - Get issue comments.\n3. get_sub_issues - Get sub-issues of the issue.\n4. get_labels - Get labels assigned to the issue.\n",
        "enum": [
          "get",
          "get_comments",
          "get_sub_issues",
          "get_labels"
        ],
        "type": "string"
      },
      "owner": {
        "description": "The owner of the repository",
        "type": "string"
      },
      "page": {
        "description": "Page number for pagination (min 1)",
        "minimum": 1,
        "type": "number"
      },
      "perPage": {
        "description": "Results per page for pagination (min 1, max 100)",
        "maximum": 100,
        "minimum": 1,
        "type": "number"
      },
      "repo": {
        "description": "The name of the repository",
        "type": "string"
      }
    },
    "required": [
      "method",
      "owner",
      "repo",
      "issue_number"
    ],
    "type": "object"
  },
  "name": "issue_read",
  "outputSchema": {
    "properties": {
      "comments": {
        "items": {
          "properties": {
            "author_association": {
              "type": "string"
            },
            "body": {
              "type": "string"
            },
            "created_at": {
              "type": "string"
            },
            "html_url": {
              "type": "string"
            },
            "id": {
              "type": "integer"
            },
            "issue_url": {
              "type": "string"
            },
            "node_id": {
              "type": "string"
            },
            "reactions": {
              "type": "object"
            },
            "updated_at": {
              "type": "string"
            },
            "url": {
              "type": "string"
            },
            "user": {
              "properties": {
                "assignment": {
                  "type": "string"
                },
                "avatar_url": {
                  "type": "string"
                },
                "bio": {
                  "type": "string"
                },
                "blog": {
                  "type": "string"
                },
                "collaborators": {
                  "type": "integer"
                },
                "company": {
                  "type": "string"
                },
                "created_at": {
                  "type": "string"
                },
                "disk_usage": {
                  "type": "integer"
                },
                "email": {
                  "type": "string"
                },
                "events_url": {
                  "type": "string"
                },
                "followers": {
                  "type": "integer"
                },
                "followers_url": {
                  "type": "string"
                },
                "following": {
                  "type": "integer"
                },
                "following_url": {
                  "type": "string"
                },
                "gists_url": {
                  "type": "string"
                },
                "gravatar_id": {
                  "type": "string"
                },
                "hireable": {
                  "type": "boolean"
                },
                "html_url": {
                  "type": "string"
                },
                "id": {
                  "type": "integer"
                },
                "inherited_from": {
                  "items": {
                    "type": "object"
                  },
                  "type": "array"
                },
                "ldap_dn": {
                  "type": "string"
                },
                "location": {
                  "type": "string"
                },
                "login": {
                  "type": "string"
                },
                "name": {
                  "type": "string"
                },
                "node_id": {
                  "type": "string"
                },
                "organizations_url": {
                  "type": "string"
                },
                "owned_private_repos": {
                  "type": "integer"
                },
                "permissions": {
                  "type": "object"
                },
                "plan": {
                  "type": "object"
                },
                "private_gists": {
                  "type": "integer"
                },
                "public_gists": {
                  "type": "integer"
                },
                "public_repos": {
                  "type": "integer"
                },
                "received_events_url": {
                  "type": "string"
                },
                "repos_url": {
                  "type": "string"
                },
                "role_name": {
                  "type": "string"
                },
                "site_admin": {
                  "type": "boolean"
                },
                "starred_url": {
                  "type": "string"
                },
                "subscriptions_url": {
                  "type": "string"
                },
                "suspended_at": {
                  "type": "string"
                },
                "text_matches": {
                  "items": {
                    "type": "object"
                  },
                  "type": "array"
                },
                "total_private_repos": {
                  "type": "integer"
                },
                "twitter_username": {
                  "type": "string"
                },
                "two_factor_authentication": {
                  "type": "boolean"
                },
                "type": {
                  "type": "string"
                },
                "updated_at": {
                  "type": "string"
                },
                "url": {
                  "type": "string"
                }
              },
              "type": "object"
            }
          },
          "type": "object"
        },
        "type": "array"
      },
      "issue": {
        "properties": {
          "active_lock_reason": {
            "type": "string"
          },
          "assignee": {
            "properties": {
              "assignment": {
                "type": "string"
              },
              "avatar_url": {
                "type": "string"
              },
              "bio": {
                "type": "string"
              },
              "blog": {
                "type": "string"
              },
              "collaborators": {
                "type": "integer"
              },
              "company": {
                "type": "string"
              },
              "created_at": {
                "type": "string"
              },
              "disk_usage": {
                "type": "integer"
              },
              "email": {
                "type": "string"
              },
              "events_url": {
                "type": "string"
              },
              "followers": {
                "type": "integer"
              },
              "followers_url": {
                "type": "string"
              },
              "following": {
                "type": "integer"
              },
              "following_url": {
                "type": "string"
              },
              "gists_url": {
                "type": "string"
              },
              "gravatar_id": {
                "type": "string"
              },
              "hireable": {
                "type": "boolean"
              },
              "html_url": {
                "type": "string"
              },
              "id": {
                "type": "integer"
              },
              "inherited_from": {
                "items": {
                  "type": "object"
                },
                "type": "array"
              },
              "ldap_dn": {
                "type": "string"
              },
              "location": {
                "type": "string"
              },
              "login": {
                "type": "string"
              },
              "name": {
                "type": "string"
              },
              "node_id": {
                "type": "string"
              },
              "organizations_url": {
                "type": "string"
              },
              "owned_private_repos": {
                "type": "integer"
              },
              "permissions": {
                "type": "object"
              },
              "plan": {
                "type": "object"
              },
              "private_gists": {
                "type": "integer"
              },
              "public_gists": {
                "type": "integer"
              },
              "public_repos": {
                "type": "integer"
              },
              "received_events_url": {
                "type": "string"
              },
              "repos_url": {
                "type": "string"
              },
              "role_name": {
                "type": "string"
              },
              "site_admin": {
                "type": "boolean"
              },
              "starred_url": {
                "type": "string"
              },
              "subscriptions_url": {
                "type": "string"
              },
              "suspended_at": {
                "type": "string"
              },
              "text_matches": {
                "items": {
                  "type": "object"
                },
                "type": "array"
              },
              "total_private_repos": {
                "type": "integer"
              },
              "twitter_username": {
                "type": "string"
              },
              "two_factor_authentication": {
                "type": "boolean"
              },
              "type": {
                "type": "string"
              },
              "updated_at": {
                "type": "string"
              },
              "url": {
                "type": "string"
              }
            },
            "type": "object"
          },
          "assignees": {
            "items": {
              "properties": {
                "assignment": {
                  "type": "string"
                },
                "avatar_url": {
                  "type": "string"
                },
                "bio": {
                  "type": "string"
                },
                "blog": {
                  "type": "string"
                },
                "collaborators": {
                  "type": "integer"
                },
                "company": {
                  "type": "string"
                },
                "created_at": {
                  "type": "string"
                },
                "disk_usage": {
                  "type": "integer"
                },
                "email": {
                  "type": "string"
                },
                "events_url": {
                  "type": "string"
                },
                "followers": {
                  "type": "integer"
                },
                "followers_url": {
                  "type": "string"
                },
                "following": {
                  "type": "integer"
                },
                "following_url": {
                  "type": "string"
                },
                "gists_url": {
                  "type": "string"
                },
                "gravatar_id": {
                  "type": "string"
                },
                "hireable": {
                  "type": "boolean"
                },
                "html_url": {
                  "type": "string"
                },
                "id": {
                  "type": "integer"
                },
                "inherited_from": {
                  "items": {
                    "type": "object"
                  },
                  "type": "array"
                },
                "ldap_dn": {
                  "type": "string"
                },
                "location": {
                  "type": "string"
                },
                "login": {
                  "type": "string"
                },
                "name": {
                  "type": "string"
                },
                "node_id": {
                  "type": "string"
                },
                "organizations_url": {
                  "type": "string"
                },
                "owned_private_repos": {
                  "type": "integer"
                },
                "permissions": {
                  "type": "object"
                },
                "plan": {
                  "type": "object"
                },
                "private_gists": {
                  "type": "integer"
                },
                "public_gists": {
                  "type": "integer"
                },
                "public_repos": {
                  "type": "integer"
                },
                "received_events_url": {
                  "type": "string"
                },
                "repos_url": {
                  "type": "string"
                },
                "role_name": {
                  "type": "string"
                },
                "site_admin": {
                  "type": "boolean"
                },
                "starred_url": {
                  "type": "string"
                },
                "subscriptions_url": {
                  "type": "string"
                },
                "suspended_at": {
                  "type": "string"
                },
                "text_matches": {
                  "items": {
                    "type": "object"
                  },
                  "type": "array"
                },
                "total_private_repos": {
                  "type": "integer"
                },
                "twitter_username": {
                  "type": "string"
                },
                "two_factor_authentication": {
                  "type": "boolean"
                },
                "type": {
                  "type": "string"
                },
                "updated_at": {
                  "type": "string"
                },
                "url": {
                  "type": "string"
                }
              },
              "type": "object"
            },
            "type": "array"
          },
          "author_association": {
            "type": "string"
          },
          "body": {
            "type": "string"
          },
          "closed_at": {
            "type": "string"
          },
          "closed_by": {
            "properties": {
              "assignment": {
                "type": "string"
              },
              "avatar_url": {
                "type": "string"
              },
              "bio": {
                "type": "string"
              },
              "blog": {
                "type": "string"
              },
              "collaborators": {
                "type": "integer"
              },
              "company": {
                "type": "string"
              },
              "created_at": {
                "type": "string"
              },
              "disk_usage": {
                "type": "integer"
              },
              "email": {
                "type": "string"
              },
              "events_url": {
                "type": "string"
              },
              "followers": {
                "type": "integer"
              },
              "followers_url": {
                "type": "string"
              },
              "following": {
                "type": "integer"
              },
              "following_url": {
                "type": "string"
              },
              "gists_url": {
                "type": "string"
              },
              "gravatar_id": {
                "type": "string"
              },
              "hireable": {
                "type": "boolean"
              },
              "html_url": {
                "type": "string"
              },
              "id": {
                "type": "integer"
              },
              "inherited_from": {
                "items": {
                  "type": "object"
                },
                "type": "array"
              },
              "ldap_dn": {
                "type": "string"
              },
              "location": {
                "type": "string"
              },
              "login": {
                "type": "string"
              },
              "name": {
                "type": "string"
              },
              "node_id": {
                "type": "string"
              },
              "organizations_url": {
                "type": "string"
              },
              "owned_private_repos": {
                "type": "integer"
              },
              "permissions": {
                "type": "object"
              },
              "plan": {
                "type": "object"
              },
              "private_gists": {
                "type": "integer"
              },
              "public_gists": {
                "type": "integer"
              },
              "public_repos": {
                "type": "integer"
              },
              "received_events_url": {
                "type": "string"
              },
              "repos_url": {
                "type": "string"
              },
              "role_name": {
                "type": "string"
              },
              "site_admin": {
                "type": "boolean"
              },
              "starred_url": {
                "type": "string"
              },
              "subscriptions_url": {
                "type": "string"
              },
              "suspended_at": {
                "type": "string"
              },
              "text_matches": {
                "items": {
                  "type": "object"
                },
                "type": "array"
              },
              "total_private_repos": {
                "type": "integer"
              },
              "twitter_username": {
                "type": "string"
              },
              "two_factor_authentication": {
                "type": "boolean"
              },
              "type": {
                "type": "string"
              },
              "updated_at": {
                "type": "string"
              },
              "url": {
                "type": "string"
              }
            },
            "type": "object"
          },
          "comments": {
            "type": "integer"
          },
          "comments_url": {
            "type": "string"
          },
          "created_at": {
            "type": "string"
          },
          "draft": {
            "type": "boolean"
          },
          "events_url": {
            "type": "string"
          },
          "html_url": {
            "type": "string"
          },
          "id": {
            "type": "integer"
          },
          "labels": {
            "items": {
              "properties": {
                "color": {
                  "type": "string"
                },
                "default": {
                  "type": "boolean"
                },
                "description": {
                  "type": "string"
                },
                "id": {
                  "type": "integer"
                },
                "name": {
                  "type": "string"
                },
                "node_id": {
                  "type": "string"
                },
                "url": {
                  "type": "string"
                }
              },
              "type": "object"
            },
            "type": "array"
          },
          "labels_url": {
            "type": "string"
          },
          "locked": {
            "type": "boolean"
          },
          "milestone": {
            "type": "object"
          },
          "node_id": {
            "type": "string"
          },
          "number": {
            "type": "integer"
          },
          "parent_issue_url": {
            "type": "string"
          },
          "pull_request": {
            "type": "object"
          },
          "reactions": {
            "type": "object"
          },
          "repository": {
            "type": "object"
          },
          "repository_url": {
            "type": "string"
          },
          "state": {
            "type": "string"
          },
          "state_reason": {
            "type": "string"
          },
          "text_matches": {
            "items": {
              "type": "object"
            },
            "type": "array"
          },
          "title": {
            "type": "string"
          },
          "type": {
            "type": "object"
          },
          "updated_at": {
            "type": "string"
          },
          "url": {
            "type": "string"
          },
          "user": {
            "properties": {
              "assignment": {
                "type": "string"
              },
              "avatar_url": {
                "type": "string"
              },
              "bio": {
                "type": "string"
              },
              "blog": {
                "type": "string"
              },
              "collaborators": {
                "type": "integer"
              },
              "company": {
                "type": "string"
              },
              "created_at": {
                "type": "string"
              },
              "disk_usage": {
                "type": "integer"
              },
              "email": {
                "type": "string"
              },
              "events_url": {
                "type": "string"
              },
              "followers": {
                "type": "integer"
              },
              "followers_url": {
                "type": "string"
              },
              "following": {
                "type": "integer"
              },
              "following_url": {
                "type": "string"
              },
              "gists_url": {
                "type": "string"
              },
              "gravatar_id": {
                "type": "string"
              },
              "hireable": {
                "type": "boolean"
              },
              "html_url": {
                "type": "string"
              },
              "id": {
                "type": "integer"
              },
              "inherited_from": {
                "items": {
                  "type": "object"
                },
                "type": "array"
              },
              "ldap_dn": {
                "type": "string"
              },
              "location": {
                "type": "string"
              },
              "login": {
                "type": "string"
              },
              "name": {
                "type": "string"
              },
              "node_id": {
                "type": "string"
              },
              "organizations_url": {
                "type": "string"
              },
              "owned_private_repos": {
                "type": "integer"
              },
              "permissions": {
                "type": "object"
              },
              "plan": {
                "type": "object"
              },
              "private_gists": {
                "type": "integer"
              },
              "public_gists": {
                "type": "integer"
              },
              "public_repos": {
                "type": "integer"
              },
              "received_events_url": {
                "type": "string"
              },
              "repos_url": {
                "type": "string"
              },
              "role_name": {
                "type": "string"
              },
              "site_admin": {
                "type": "boolean"
              },
              "starred_url": {
                "type": "string"
              },
              "subscriptions_url": {
                "type": "string"
              },
              "suspended_at": {
                "type": "string"
              },
              "text_matches": {
                "items": {
                  "type": "object"
                },
                "type": "array"
              },
              "total_private_repos": {
                "type": "integer"
              },
              "twitter_username": {
                "type": "string"
              },
              "two_factor_authentication": {
                "type": "boolean"
              },
              "type": {
                "type": "string"
              },
              "updated_at": {
                "type": "string"
              },
              "url": {
                "type": "string"
              }
            },
            "type": "object"
          }
        },
        "type": "object"
      },
      "labels": {
        "properties": {
          "labels": {
            "items": {
              "properties": {
                "color": {
                  "type": "string"
                },
                "default": {
                  "type": "boolean"
                },
                "description": {
                  "type": "string"
                },
                "id": {
                  "type": "integer"
                },
                "name": {
                  "type": "string"
                },
                "node_id": {
                  "type": "string"
                },
                "url": {
                  "type": "string"
                }
              },
              "type": "object"
            },
            "type": "array"
          },
          "totalCount": {
            "type": "integer"
          }
        },
        "type": "object"
      },
      "sub_issues": {
        "items": {
          "properties": {
            "active_lock_reason": {
              "type": "string"
            },
            "assignee": {
              "properties": {
                "assignment": {
                  "type": "string"
                },
                "avatar_url": {
                  "type": "string"
                },
                "bio": {
                  "type": "string"
                },
                "blog": {
                  "type": "string"
                },
                "collaborators": {
                  "type": "integer"
                },
                "company": {
                  "type": "string"
                },
                "created_at": {
                  "type": "string"
                },
                "disk_usage": {
                  "type": "integer"
                },
                "email": {
                  "type": "string"
                },
                "events_url": {
                  "type": "string"
                },
                "followers": {
                  "type": "integer"
                },
                "followers_url": {
                  "type": "string"
                },
                "following": {
                  "type": "integer"
                },
                "following_url": {
                  "type": "string"
                },
                "gists_url": {
                  "type": "string"
                },
                "gravatar_id": {
                  "type": "string"
                },
                "hireable": {
                  "type": "boolean"
                },
                "html_url": {
                  "type": "string"
                },
                "id": {
                  "type": "integer"
                },
                "inherited_from": {
                  "items": {
                    "type": "object"
                  },
                  "type": "array"
                },
                "ldap_dn": {
                  "type": "string"
                },
                "location": {
                  "type": "string"
                },
                "login": {
                  "type": "string"
                },
                "name": {
                  "type": "string"
                },
                "node_id": {
                  "type": "string"
                },
                "organizations_url": {
                  "type": "string"
                },
                "owned_private_repos": {
                  "type": "integer"
                },
                "permissions": {
                  "type": "object"
                },
                "plan": {
                  "type": "object"
                },
                "private_gists": {
                  "type": "integer"
                },
                "public_gists": {
                  "type": "integer"
                },
                "public_repos": {
                  "type": "integer"
                },
                "received_events_url": {
                  "type": "string"
                },
                "repos_url": {
                  "type": "string"
                },
                "role_name": {
                  "type": "string"
                },
                "site_admin": {
                  "type": "boolean"
                },
                "starred_url": {
                  "type": "string"
                },
                "subscriptions_url": {
                  "type": "string"
                },
                "suspended_at": {
                  "type": "string"
                },
                "text_matches": {
                  "items": {
                    "type": "object"
                  },
                  "type": "array"
                },
                "total_private_repos": {
                  "type": "integer"
                },
                "twitter_username": {
                  "type": "string"
                },
                "two_factor_authentication": {
                  "type": "boolean"
                },
                "type": {
                  "type": "string"
                },
                "updated_at": {
                  "type": "string"
                },
                "url": {
                  "type": "string"
                }
              },
              "type": "object"
            },
            "assignees": {
              "items": {
                "properties": {
                  "assignment": {
                    "type": "string"
                  },
                  "avatar_url": {
                    "type": "string"
                  },
                  "bio": {
                    "type": "string"
                  },
                  "blog": {
                    "type": "string"
                  },
                  "collaborators": {
                    "type": "integer"
                  },
                  "company": {
                    "type": "string"
                  },
                  "created_at": {
                    "type": "string"
                  },
                  "disk_usage": {
                    "type": "integer"
                  },
                  "email": {
                    "type": "string"
                  },
                  "events_url": {
                    "type": "string"
                  },
                  "followers": {
                    "type": "integer"
                  },
                  "followers_url": {
                    "type": "string"
                  },
                  "following": {
                    "type": "integer"
                  },
                  "following_url": {
                    "type": "string"
                  },
                  "gists_url": {
                    "type": "string"
                  },
                  "gravatar_id": {
                    "type": "string"
                  },
                  "hireable": {
                    "type": "boolean"
                  },
                  "html_url": {
                    "type": "string"
                  },
                  "id": {
                    "type": "integer"
                  },
                  "inherited_from": {
                    "items": {
                      "type": "object"
                    },
                    "type": "array"
                  },
                  "ldap_dn": {
                    "type": "string"
                  },
                  "location": {
                    "type": "string"
                  },
                  "login": {
                    "type": "string"
                  },
                  "name": {
                    "type": "string"
                  },
                  "node_id": {
                    "type": "string"
                  },
                  "organizations_url": {
                    "type": "string"
                  },
                  "owned_private_repos": {
                    "type": "integer"
                  },
                  "permissions": {
                    "type": "object"
                  },
                  "plan": {
                    "type": "object"
                  },
                  "private_gists": {
                    "type": "integer"
                  },
                  "public_gists": {
                    "type": "integer"
                  },
                  "public_repos": {
                    "type": "integer"
                  },
                  "received_events_url": {
                    "type": "string"
                  },
                  "repos_url": {
                    "type": "string"
                  },
                  "role_name": {
                    "type": "string"
                  },
                  "site_admin": {
                    "type": "boolean"
                  },
                  "starred_url": {
                    "type": "string"
                  },
                  "subscriptions_url": {
                    "type": "string"
                  },
                  "suspended_at": {
                    "type": "string"
                  },
                  "text_matches": {
                    "items": {
                      "type": "object"
                    },
                    "type": "array"
                  },
                  "total_private_repos": {
                    "type": "integer"
                  },
                  "twitter_username": {
                    "type": "string"
                  },
                  "two_factor_authentication": {
                    "type": "boolean"
                  },
                  "type": {
                    "type": "string"
                  },
                  "updated_at": {
                    "type": "string"
                  },
                  "url": {
                    "type": "string"
                  }
                },
                "type": "object"
              },
              "type": "array"
            },
            "author_association": {
              "type": "string"
            },
            "body": {
              "type": "string"
            },
            "closed_at": {
              "type": "string"
            },
            "closed_by": {
              "properties": {
                "assignment": {
                  "type": "string"
                },
                "avatar_url": {
                  "type": "string"
                },
                "bio": {
                  "type": "string"
                },
                "blog": {
                  "type": "string"
                },
                "collaborators": {
                  "type": "integer"
                },
                "company": {
                  "type": "string"
                },
                "created_at": {
                  "type": "string"
                },
                "disk_usage": {
                  "type": "integer"
                },
                "email": {
                  "type": "string"
                },
                "events_url": {
                  "type": "string"
                },
                "followers": {
                  "type": "integer"
                },
                "followers_url": {
                  "type": "string"
                },
                "following": {
                  "type": "integer"
                },
                "following_url": {
                  "type": "string"
                },
                "gists_url": {
                  "type": "string"
                },
                "gravatar_id": {
                  "type": "string"
                },
                "hireable": {
                  "type": "boolean"
                },
                "html_url": {
                  "type": "string"
                },
                "id": {
                  "type": "integer"
                },
                "inherited_from": {
                  "items": {
                    "type": "object"
                  },
                  "type": "array"
                },
                "ldap_dn": {
                  "type": "string"
                },
                "location": {
                  "type": "string"
                },
                "login": {
                  "type": "string"
                },
                "name": {
                  "type": "string"
                },
                "node_id": {
                  "type": "string"
                },
                "organizations_url": {
                  "type": "string"
                },
                "owned_private_repos": {
                  "type": "integer"
                },
                "permissions": {
                  "type": "object"
                },
                "plan": {
                  "type": "object"
                },
                "private_gists": {
                  "type": "integer"
                },
                "public_gists": {
                  "type": "integer"
                },
                "public_repos": {
                  "type": "integer"
                },
                "received_events_url": {
                  "type": "string"
                },
                "repos_url": {
                  "type": "string"
                },
                "role_name": {
                  "type": "string"
                },
                "site_admin": {
                  "type": "boolean"
                },
                "starred_url": {
                  "type": "string"
                },
                "subscriptions_url": {
                  "type": "string"
                },
                "suspended_at": {
                  "type": "string"
                },
                "text_matches": {
                  "items": {
                    "type": "object"
                  },
                  "type": "array"
                },
                "total_private_repos": {
                  "type": "integer"
                },
                "twitter_username": {
                  "type": "string"
                },
                "two_factor_authentication": {
                  "type": "boolean"
                },
                "type": {
                  "type": "string"
                },
                "updated_at": {
                  "type": "string"
                },
                "url": {
                  "type": "string"
                }
              },
              "type": "object"
            },
            "comments": {
              "type": "integer"
            },
            "comments_url": {
              "type": "string"
            },
            "created_at": {
              "type": "string"
            },
            "draft": {
              "type": "boolean"
            },
            "events_url": {
              "type": "string"
            },
            "html_url": {
              "type": "string"
            },
            "id": {
              "type": "integer"
            },
            "labels": {
              "items": {
                "properties": {
                  "color": {
                    "type": "string"
                  },
                  "default": {
                    "type": "boolean"
                  },
                  "description": {
                    "type": "string"
                  },
                  "id": {
                    "type": "integer"
                  },
                  "name": {
                    "type": "string"
                  },
                  "node_id": {
                    "type": "string"
                  },
                  "url": {
                    "type": "string"
                  }
                },
                "type": "object"
              },
              "type": "array"
            },
            "labels_url": {
              "type": "string"
            },
            "locked": {
              "type": "boolean"
            },
            "milestone": {
              "type": "object"
            },
            "node_id": {
              "type": "string"
            },
            "number": {
              "type": "integer"
            },
            "parent_issue_url": {
              "type": "string"
            },
            "pull_request": {
              "type": "object"
            },
            "reactions": {
              "type": "object"
            },
            "repository": {
              "type": "object"
            },
            "repository_url": {
              "type": "string"
            },
            "state": {
              "type": "string"
            },
            "state_reason": {
              "type": "string"
            },
            "text_matches": {
              "items": {
                "type": "object"
              },
              "type": "array"
            },
            "title": {
              "type": "string"
            },
            "type": {
              "type": "object"
            },
            "updated_at": {
              "type": "string"
            },
            "url": {
              "type": "string"
            },
            "user": {
              "properties": {
                "assignment": {
                  "type": "string"
                },
                "avatar_url": {
                  "type": "string"
                },
                "bio": {
                  "type": "string"
                },
                "blog": {
                  "type": "string"
                },
                "collaborators": {
                  "type": "integer"
                },
                "company": {
                  "type": "string"
                },
                "created_at": {
                  "type": "string"
                },
                "disk_usage": {
                  "type": "integer"
                },
                "email": {
                  "type": "string"
                },
                "events_url": {
                  "type": "string"
                },
                "followers": {
                  "type": "integer"
                },
                "followers_url": {
                  "type": "string"
                },
                "following": {
                  "type": "integer"
                },
                "following_url": {
                  "type": "string"
                },
                "gists_url": {
                  "type": "string"
                },
                "gravatar_id": {
                  "type": "string"
                },
                "hireable": {
                  "type": "boolean"
                },
                "html_url": {
                  "type": "string"
                },
                "id": {
                  "type": "integer"
                },
                "inherited_from": {
                  "items": {
                    "type": "object"
                  },
                  "type": "array"
                },
                "ldap_dn": {
                  "type": "string"
                },
                "location": {
                  "type": "string"
                },
                "login": {
                  "type": "string"
                },
                "name": {
                  "type": "string"
                },
                "node_id": {
                  "type": "string"
                },
                "organizations_url": {
                  "type": "string"
                },
                "owned_private_repos": {
                  "type": "integer"
                },
                "permissions": {
                  "type": "object"
                },
                "plan": {
                  "type": "object"
                },
                "private_gists": {
                  "type": "integer"
                },
                "public_gists": {
                  "type": "integer"
                },
                "public_repos": {
                  "type": "integer"
                },
                "received_events_url": {
                  "type": "string"
                },
                "repos_url": {
                  "type": "string"
                },
                "role_name": {
                  "type": "string"
                },
                "site_admin": {
                  "type": "boolean"
                },
                "starred_url": {
                  "type": "string"
                },
                "subscriptions_url": {
                  "type": "string"
                },
                "suspended_at": {
                  "type": "string"
                },
                "text_matches": {
                  "items": {
                    "type": "object"
                  },
                  "type": "array"
                },
                "total_private_repos": {
                  "type": "integer"
                },
                "twitter_username": {
                  "type": "string"
                },
                "two_factor_authentication": {
                  "type": "boolean"
                },
                "type": {
                  "type": "string"
                },
                "updated_at": {
                  "type": "string"
                },
                "url": {
                  "type": "string"
                }
              },
              "type": "object"
            }
          },
          "type": "object"
        },
        "type": "array"
      }
    },
    "type": "object"
  }
}