{
  "annotations": {
    "readOnlyHint": true,
    "title": "List labels from a repository."
  },
  "description": "List labels from a repository",
  "inputSchema": {
    "properties": {
      "owner": {
        "description": "Repository owner (username or organization name) - required for all operations",
        "type": "string"
      },
      "repo": {
        "description": "Repository name - required for all operations",
        "type": "string"
      }
    },
    "required": [
      "owner",
      "repo"
    ],
    "type": "object"
  },
  "name": "list_label",
  "outputSchema": {
    "properties": {
      "labels": {
        "items": {
          "properties": {
            "color": {
              "type": "string"
            },
            "description": {
              "type": "string"
            },
            "id": {
              "type": "string"
            },
            "name": {
              "type": "string"
            }
          },
          "type": "object"
        },
        "type": "array"
      },
      "total_count": {
        "type": "integer"
      }
    },
    "type": "object"
  }
}