{
  "annotations": {
    "title": "Change sub-issue"
  },
  "description": "Add a sub-issue to a parent issue in a GitHub repository.",
  "inputSchema": {
    "properties": {
      "after_id": {
        "description": "The ID of the sub-issue to be prioritized after (either after_id OR before_id should be specified)",
        "type": "number"
      },
      "before_id": {
        "description": "The ID of the sub-issue to be prioritized before (either after_id OR before_id should be specified)",
        "type": "number"
      },
      "issue_number": {
        "description": "The number of the parent issue",
        "type": "number"
      },
      "method": {
        "description": "The action to perform on a single sub-issue\nOptions are:\n- 'add' - add a sub-issue to a parent issue in a GitHub repository.\n- 'remove' - remove a sub-issue from a parent issue in a GitHub repository.\n- 'reprioritize' - change the order of sub-issues within a parent issue in a GitHub repository. Use either 'after_id' or 'before_id' to specify the new position.\n\t\t\t\t",
        "type": "string"
      },
      "owner": {
        "description": "Repository owner",
        "type": "string"
      },
      "replace_parent": {
        "description": "When true, replaces the sub-issue's current parent issue. Use with 'add' method only.",
        "type": "boolean"
      },
      "repo": {
        "description": "Repository name",
        "type": "string"
      },
      "sub_issue_id": {
        "description": "The ID of the sub-issue to add. ID is not the same as issue number",
        "type": "number"
      }
    },
    "required": [
      "method",
      "owner",
      "repo",
      "issue_number",
      "sub_issue_id"
    ],
    "type": "object"
  },
  "name": "sub_issue_write",
  "outputSchema": {
    "properties": {
      "active_lock_reason": {
        "type": "string"
      },
      "assignee": {
        "properties": {
          "assignment": {
            "type": "string"
          },
          "avatar_url": {
            "type": "string"
          },
          "bio": {
            "type": "string"
          },
          "blog": {
            "type": "string"
          },
          "collaborators": {
            "type": "integer"
          },
          "company": {
            "type": "string"
          },
          "created_at": {
            "type": "string"
          },
          "disk_usage": {
            "type": "integer"
          },
          "email": {
            "type": "string"
          },
          "events_url": {
            "type": "string"
          },
          "followers": {
            "type": "integer"
          },
          "followers_url": {
            "type": "string"
          },
          "following": {
            "type": "integer"
          },
          "following_url": {
            "type": "string"
          },
          "gists_url": {
            "type": "string"
          },
          "gravatar_id": {
            "type": "string"
          },
          "hireable": {
            "type": "boolean"
          },
          "html_url": {
            "type": "string"
          },
          "id": {
            "type": "integer"
          },
          "inherited_from": {
            "items": {
              "type": "object"
            },
            "type": "array"
          },
          "ldap_dn": {
            "type": "string"
          },
          "location": {
            "type": "string"
          },
          "login": {
            "type": "string"
          },
          "name": {
            "type": "string"
          },
          "node_id": {
            "type": "string"
          },
          "organizations_url": {
            "type": "string"
          },
          "owned_private_repos": {
            "type": "integer"
          },
          "permissions": {
            "type": "object"
          },
          "plan": {
            "type": "object"
          },
          "private_gists": {
            "type": "integer"
          },
          "public_gists": {
            "type": "integer"
          },
          "public_repos": {
            "type": "integer"
          },
          "received_events_url": {
            "type": "string"
          },
          "repos_url": {
            "type": "string"
          },
          "role_name": {
            "type": "string"
          },
          "site_admin": {
            "type": "boolean"
          },
          "starred_url": {
            "type": "string"
          },
          "subscriptions_url": {
            "type": "string"
          },
          "suspended_at": {
            "type": "string"
          },
          "text_matches": {
            "items": {
              "type": "object"
            },
            "type": "array"
          },
          "total_private_repos": {
            "type": "integer"
          },
          "twitter_username": {
            "type": "string"
          },
          "two_factor_authentication": {
            "type": "boolean"
          },
          "type": {
            "type": "string"
          },
          "updated_at": {
            "type": "string"
          },
          "url": {
            "type": "string"
          }
        },
        "type": "object"
      },
      "assignees": {
        "items": {
          "properties": {
            "assignment": {
              "type": "string"
            },
            "avatar_url": {
              "type": "string"
            },
            "bio": {
              "type": "string"
            },
            "blog": {
              "type": "string"
            },
            "collaborators": {
              "type": "integer"
            },
            "company": {
              "type": "string"
            },
            "created_at": {
              "type": "string"
            },
            "disk_usage": {
              "type": "integer"
            },
            "email": {
              "type": "string"
            },
            "events_url": {
              "type": "string"
            },
            "followers": {
              "type": "integer"
            },
            "followers_url": {
              "type": "string"
            },
            "following": {
              "type": "integer"
            },
            "following_url": {
              "type": "string"
            },
            "gists_url": {
              "type": "string"
            },
            "gravatar_id": {
              "type": "string"
            },
            "hireable": {
              "type": "boolean"
            },
            "html_url": {
              "type": "string"
            },
            "id": {
              "type": "integer"
            },
            "inherited_from": {
              "items": {
                "type": "object"
              },
              "type": "array"
            },
            "ldap_dn": {
              "type": "string"
            },
            "location": {
              "type": "string"
            },
            "login": {
              "type": "string"
            },
            "name": {
              "type": "string"
            },
            "node_id": {
              "type": "string"
            },
            "organizations_url": {
              "type": "string"
            },
            "owned_private_repos": {
              "type": "integer"
            },
            "permissions": {
              "type": "object"
            },
            "plan": {
              "type": "object"
            },
            "private_gists": {
              "type": "integer"
            },
            "public_gists": {
              "type": "integer"
            },
            "public_repos": {
              "type": "integer"
            },
            "received_events_url": {
              "type": "string"
            },
            "repos_url": {
              "type": "string"
            },
            "role_name": {
              "type": "string"
            },
            "site_admin": {
              "type": "boolean"
            },
            "starred_url": {
              "type": "string"
            },
            "subscriptions_url": {
              "type": "string"
            },
            "suspended_at": {
              "type": "string"
            },
            "text_matches": {
              "items": {
                "type": "object"
              },
              "type": "array"
            },
            "total_private_repos": {
              "type": "integer"
            },
            "twitter_username": {
              "type": "string"
            },
            "two_factor_authentication": {
              "type": "boolean"
            },
            "type": {
              "type": "string"
            },
            "updated_at": {
              "type": "string"
            },
            "url": {
              "type": "string"
            }
          },
          "type": "object"
        },
        "type": "array"
      },
      "author_association": {
        "type": "string"
      },
      "body": {
        "type": "string"
      },
      "closed_at": {
        "type": "string"
      },
      "closed_by": {
        "properties": {
          "assignment": {
            "type": "string"
          },
          "avatar_url": {
            "type": "string"
          },
          "bio": {
            "type": "string"
          },
          "blog": {
            "type": "string"
          },
          "collaborators": {
            "type": "integer"
          },
          "company": {
            "type": "string"
          },
          "created_at": {
            "type": "string"
          },
          "disk_usage": {
            "type": "integer"
          },
          "email": {
            "type": "string"
          },
          "events_url": {
            "type": "string"
          },
          "followers": {
            "type": "integer"
          },
          "followers_url": {
            "type": "string"
          },
          "following": {
            "type": "integer"
          },
          "following_url": {
            "type": "string"
          },
          "gists_url": {
            "type": "string"
          },
          "gravatar_id": {
            "type": "string"
          },
          "hireable": {
            "type": "boolean"
          },
          "html_url": {
            "type": "string"
          },
          "id": {
            "type": "integer"
          },
          "inherited_from": {
            "items": {
              "type": "object"
            },
            "type": "array"
          },
          "ldap_dn": {
            "type": "string"
          },
          "location": {
            "type": "string"
          },
          "login": {
            "type": "string"
          },
          "name": {
            "type": "string"
          },
          "node_id": {
            "type": "string"
          },
          "organizations_url": {
            "type": "string"
          },
          "owned_private_repos": {
            "type": "integer"
          },
          "permissions": {
            "type": "object"
          },
          "plan": {
            "type": "object"
          },
          "private_gists": {
            "type": "integer"
          },
          "public_gists": {
            "type": "integer"
          },
          "public_repos": {
            "type": "integer"
          },
          "received_events_url": {
            "type": "string"
          },
          "repos_url": {
            "type": "string"
          },
          "role_name": {
            "type": "string"
          },
          "site_admin": {
            "type": "boolean"
          },
          "starred_url": {
            "type": "string"
          },
          "subscriptions_url": {
            "type": "string"
          },
          "suspended_at": {
            "type": "string"
          },
          "text_matches": {
            "items": {
              "type": "object"
            },
            "type": "array"
          },
          "total_private_repos": {
            "type": "integer"
          },
          "twitter_username": {
            "type": "string"
          },
          "two_factor_authentication": {
            "type": "boolean"
          },
          "type": {
            "type": "string"
          },
          "updated_at": {
            "type": "string"
          },
          "url": {
            "type": "string"
          }
        },
        "type": "object"
      },
      "comments": {
        "type": "integer"
      },
      "comments_url": {
        "type": "string"
      },
      "created_at": {
        "type": "string"
      },
      "draft": {
        "type": "boolean"
      },
      "events_url": {
        "type": "string"
      },
      "html_url": {
        "type": "string"
      },
      "id": {
        "type": "integer"
      },
      "labels": {
        "items": {
          "properties": {
            "color": {
              "type": "string"
            },
            "default": {
              "type": "boolean"
            },
            "description": {
              "type": "string"
            },
            "id": {
              "type": "integer"
            },
            "name": {
              "type": "string"
            },
            "node_id": {
              "type": "string"
            },
            "url": {
              "type": "string"
            }
          },
          "type": "object"
        },
        "type": "array"
      },
      "labels_url": {
        "type": "string"
      },
      "locked": {
        "type": "boolean"
      },
      "milestone": {
        "type": "object"
      },
      "node_id": {
        "type": "string"
      },
      "number": {
        "type": "integer"
      },
      "parent_issue_url": {
        "type": "string"
      },
      "pull_request": {
        "type": "object"
      },
      "reactions": {
        "type": "object"
      },
      "repository": {
        "type": "object"
      },
      "repository_url": {
        "type": "string"
      },
      "state": {
        "type": "string"
      },
      "state_reason": {
        "type": "string"
      },
      "text_matches": {
        "items": {
          "type": "object"
        },
        "type": "array"
      },
      "title": {
        "type": "string"
      },
      "type": {
        "type": "object"
      },
      "updated_at": {
        "type": "string"
      },
      "url": {
        "type": "string"
      },
      "user": {
        "properties": {
          "assignment": {
            "type": "string"
          },
          "avatar_url": {
            "type": "string"
          },
          "bio": {
            "type": "string"
          },
          "blog": {
            "type": "string"
          },
          "collaborators": {
            "type": "integer"
          },
          "company": {
            "type": "string"
          },
          "created_at": {
            "type": "string"
          },
          "disk_usage": {
            "type": "integer"
          },
          "email": {
            "type": "string"
          },
          "events_url": {
            "type": "string"
          },
          "followers": {
            "type": "integer"
          },
          "followers_url": {
            "type": "string"
          },
          "following": {
            "type": "integer"
          },
          "following_url": {
            "type": "string"
          },
          "gists_url": {
            "type": "string"
          },
          "gravatar_id": {
            "type": "string"
          },
          "hireable": {
            "type": "boolean"
          },
          "html_url": {
            "type": "string"
          },
          "id": {
            "type": "integer"
          },
          "inherited_from": {
            "items": {
              "type": "object"
            },
            "type": "array"
          },
          "ldap_dn": {
            "type": "string"
          },
          "location": {
            "type": "string"
          },
          "login": {
            "type": "string"
          },
          "name": {
            "type": "string"
          },
          "node_id": {
            "type": "string"
          },
          "organizations_url": {
            "type": "string"
          },
          "owned_private_repos": {
            "type": "integer"
          },
          "permissions": {
            "type": "object"
          },
          "plan": {
            "type": "object"
          },
          "private_gists": {
            "type": "integer"
          },
          "public_gists": {
            "type": "integer"
          },
          "public_repos": {
            "type": "integer"
          },
          "received_events_url": {
            "type": "string"
          },
          "repos_url": {
            "type": "string"
          },
          "role_name": {
            "type": "string"
          },
          "site_admin": {
            "type": "boolean"
          },
          "starred_url": {
            "type": "string"
          },
          "subscriptions_url": {
            "type": "string"
          },
          "suspended_at": {
            "type": "string"
          },
          "text_matches": {
            "items": {
              "type": "object"
            },
            "type": "array"
          },
          "total_private_repos": {
            "type": "integer"
          },
          "twitter_username": {
            "type": "string"
          },
          "two_factor_authentication": {
            "type": "boolean"
          },
          "type": {
            "type": "string"
          },
          "updated_at": {
            "type": "string"
          },
          "url": {
            "type": "string"
          }
        },
        "type": "object"
      }
    },
    "type": "object"
  }
}